// Jest Snapshot v1, https://goo.gl/fbAQLP

exports[`TagInputContainer matches snapshot 1`] = `
<div>
  <div
    class="sc-gsDKAQ dJJKiL"
  >
    <input
      class="sc-dkPtRN jSZhxl"
      placeholder="태그를 입력하세요"
      tabindex="2"
      value=""
    />
    <div
      class="sc-bdvvtL kiHcww"
    />
  </div>
</div>
`;
