// Jest Snapshot v1, https://goo.gl/fbAQLP

exports[`PublishPreview matches snapshot 1`] = `
<div>
  <section
    class="sc-bdvvtL eLTzRJ sc-gsDKAQ"
  >
    <h3>
      포스트 미리보기
    </h3>
    <div
      class="contents"
    >
      <div
        class="sc-dkPtRN Txiqi"
      >
        <div
          class="sc-hKwDye VCkYW"
        >
          <div
            class="sc-eCImPb dzudxv"
          >
            <svg>
              vector-image.svg
            </svg>
            <button
              class="sc-gKclnd hbREDV"
            >
              썸네일 업로드
            </button>
          </div>
        </div>
      </div>
      <div
        class="sc-iCfMLu dbAfZI"
      >
        <h4>
          타이틀
        </h4>
        <textarea
          class="sc-furwcr kuWReJ"
          placeholder="당신의 포스트를 짧게 소개해보세요."
        />
        <div
          class="sc-pVTFL eOTcin"
        >
          0
          /150
        </div>
      </div>
    </div>
  </section>
</div>
`;
