// Jest Snapshot v1, https://goo.gl/fbAQLP

exports[`PublishPrivacySetting matches snapshot 1`] = `
<div>
  <section
    class="sc-bdvvtL eLTzRJ sc-gsDKAQ cxymDa"
  >
    <h3>
      공개 설정
    </h3>
    <div
      class="contents"
    >
      <button
        class="sc-dkPtRN fLeyqY"
      >
        <svg>
          icon-globe.svg
        </svg>
        <div
          class="description"
        >
          전체 공개
        </div>
      </button>
      <button
        class="sc-dkPtRN huYDjn"
      >
        <svg>
          icon-lock.svg
        </svg>
        <div
          class="description"
        >
          비공개
        </div>
      </button>
    </div>
  </section>
</div>
`;
