// Jest Snapshot v1, https://goo.gl/fbAQLP

exports[`PublishURLSetting matches snapshot 1`] = `
<div>
  <section
    class="sc-bdvvtL eLTzRJ sc-gsDKAQ"
  >
    <h3>
      URL 설정
    </h3>
    <div
      class="contents"
    >
      <div
        class="sc-dkPtRN dQISmx"
      >
        <div
          class="username"
        >
          /@
          velog
          /
        </div>
        <input
          class="sc-hKwDye gntIAC"
          value="url-slug"
        />
      </div>
    </div>
  </section>
</div>
`;
