// Jest Snapshot v1, https://goo.gl/fbAQLP

exports[`PublishScreenTemplate matches snapshot 1`] = `
<div>
  <div
    class="sc-bdvvtL iujxMQ"
  >
    <div
      class="sc-gsDKAQ btgcLd"
    >
      <div
        class="sc-dkPtRN gKHqWx"
      >
        left
      </div>
      <div
        class="sc-eCImPb eIgRed"
      />
      <div
        class="sc-dkPtRN sc-hKwDye gKHqWx AlDOn"
      >
        right
      </div>
    </div>
  </div>
</div>
`;
